0000 0000	xxxx xxxx xxxx xxxx xxxx xxxx xxxx xxxx	1101	1100 1101 1111 1111 1111 0001 0111 1111	0000 0000 0000 0000 0000 0000 0000 1001
0000 0001	xxxx xxxx xxxx xxxx xxxx xxxx xxxx xxxx	1101	0000 0000 0000 0000 0000 0000 0000 1001	1100 1101 1111 1111 1111 0001 0111 1111
0000 0010	xxxx xxxx xxxx xxxx xxxx xxxx xxxx xxxx	0100	0000 0000 0000 0000 0000 0000 0000 1000	0000 0000 0000 0000 0000 0000 0000 0011
0000 0011	xxxx xxxx xxxx xxxx xxxx xxxx xxxx xxxx	0100	1111 1111 1111 0000 0000 0000 0000 0111	1111 1111 1111 1111 0000 0000 0000 1001
0000 0100	xxxx xxxx xxxx xxxx xxxx xxxx xxxx xxxx	1101	0000 0000 0000 0000 0000 0000 0000 0000	0000 0000 0000 0000 0000 0000 0000 0000
0000 0101	xxxx xxxx xxxx xxxx xxxx xxxx xxxx xxxx	0100	0000 0000 0000 0000 0000 0000 0000 0000	0000 0000 0000 0000 0000 0000 0000 0000
