0000 0000	xxxx xxxx xxxx xxxx xxxx xxxx xxxx xxxx	1110	0000 0000 0000 0000 1111 1111 1111 1111	1111 1111 1111 1111 0000 0000 0000 0000
0000 0001	xxxx xxxx xxxx xxxx xxxx xxxx xxxx xxxx	1110	0101 1001 1000 0010 1010 0001 1110 1111	1111 0111 1000 0101 0100 0001 1001 1010
0000 0010	xxxx xxxx xxxx xxxx xxxx xxxx xxxx xxxx	1110	0000 0000 0000 0000 0111 1111 1111 1111	1111 1111 1111 1111 1000 0000 0000 0000
0000 0011	xxxx xxxx xxxx xxxx xxxx xxxx xxxx xxxx	1110	0000 0000 0000 0000 0000 0000 0000 0000	0000 0000 0000 0000 0000 0000 0000 0000
